{
  "version": "1.5.0",
  "plugins_used": [
    {
      "name": "ArtifactoryDetector"
    },
    {
      "name": "AWSKeyDetector"
    },
    {
      "name": "AzureStorageKeyDetector"
    },
    {
      "name": "Base64HighEntropyString",
      "limit": 4.5
    },
    {
      "name": "BasicAuthDetector"
    },
    {
      "name": "CloudantDetector"
    },
    {
      "name": "DiscordBotTokenDetector"
    },
    {
      "name": "GitHubTokenDetector"
    },
    {
      "name": "GitLabTokenDetector"
    },
    {
      "name": "HexHighEntropyString",
      "limit": 3.0
    },
    {
      "name": "IbmCloudIamDetector"
    },
    {
      "name": "IbmCosHmacDetector"
    },
    {
      "name": "IPPublicDetector"
    },
    {
      "name": "JwtTokenDetector"
    },
    {
      "name": "KeywordDetector",
      "keyword_exclude": ""
    },
    {
      "name": "MailchimpDetector"
    },
    {
      "name": "NpmDetector"
    },
    {
      "name": "OpenAIDetector"
    },
    {
      "name": "PrivateKeyDetector"
    },
    {
      "name": "PypiTokenDetector"
    },
    {
      "name": "SendGridDetector"
    },
    {
      "name": "SlackDetector"
    },
    {
      "name": "SoftlayerDetector"
    },
    {
      "name": "SquareOAuthDetector"
    },
    {
      "name": "StripeDetector"
    },
    {
      "name": "TelegramBotTokenDetector"
    },
    {
      "name": "TwilioKeyDetector"
    }
  ],
  "filters_used": [
    {
      "path": "detect_secrets.filters.allowlist.is_line_allowlisted"
    },
    {
      "path": "detect_secrets.filters.common.is_baseline_file",
      "filename": ".secrets.baseline"
    },
    {
      "path": "detect_secrets.filters.common.is_ignored_due_to_verification_policies",
      "min_level": 2
    },
    {
      "path": "detect_secrets.filters.heuristic.is_indirect_reference"
    },
    {
      "path": "detect_secrets.filters.heuristic.is_likely_id_string"
    },
    {
      "path": "detect_secrets.filters.heuristic.is_lock_file"
    },
    {
      "path": "detect_secrets.filters.heuristic.is_not_alphanumeric_string"
    },
    {
      "path": "detect_secrets.filters.heuristic.is_potential_uuid"
    },
    {
      "path": "detect_secrets.filters.heuristic.is_prefixed_with_dollar_sign"
    },
    {
      "path": "detect_secrets.filters.heuristic.is_sequential_string"
    },
    {
      "path": "detect_secrets.filters.heuristic.is_swagger_file"
    },
    {
      "path": "detect_secrets.filters.heuristic.is_templated_secret"
    },
    {
      "path": "detect_secrets.filters.regex.should_exclude_file",
      "pattern": [
        "tests/cases/diff/.*\\.yaml$"
      ]
    }
  ],
  "results": {
    ".pre-commit-config.yaml": [
      {
        "type": "Hex High Entropy String",
        "filename": ".pre-commit-config.yaml",
        "hashed_secret": "861d9d607b1513c2096a6c1495043e2cc31a8f41",
        "is_verified": false,
        "line_number": 156
      }
    ],
    "benchmarks/dataset_revisions.json": [
      {
        "type": "Hex High Entropy String",
        "filename": "benchmarks/dataset_revisions.json",
        "hashed_secret": "e5a3867cc8a1a7dd2c7015504836d1dc239b197c",
        "is_verified": false,
        "line_number": 5
      },
      {
        "type": "Hex High Entropy String",
        "filename": "benchmarks/dataset_revisions.json",
        "hashed_secret": "129f61346a1492b155ebeafb7fd62f3bbbf76b9a",
        "is_verified": false,
        "line_number": 10
      },
      {
        "type": "Hex High Entropy String",
        "filename": "benchmarks/dataset_revisions.json",
        "hashed_secret": "6227f2316e0dbf09911c0fa1a5c38bbd1f07a22e",
        "is_verified": false,
        "line_number": 15
      },
      {
        "type": "Hex High Entropy String",
        "filename": "benchmarks/dataset_revisions.json",
        "hashed_secret": "eec13eb9cf64af52e0f174eb8d0213745513a840",
        "is_verified": false,
        "line_number": 20
      },
      {
        "type": "Hex High Entropy String",
        "filename": "benchmarks/dataset_revisions.json",
        "hashed_secret": "7167e11651a6adf2c73acb4ef031697ca4aacaad",
        "is_verified": false,
        "line_number": 25
      },
      {
        "type": "Hex High Entropy String",
        "filename": "benchmarks/dataset_revisions.json",
        "hashed_secret": "b92aaaab5a3c7b2224a7ae65745943c1c07c9006",
        "is_verified": false,
        "line_number": 30
      }
    ],
    "benchmarks/real_world_diff_bench/diffctx_realworld_bench.jsonl": [
      {
        "type": "Hex High Entropy String",
        "filename": "benchmarks/real_world_diff_bench/diffctx_realworld_bench.jsonl",
        "hashed_secret": "257a8210338e4119150fef3c4a51b677d31f9392",
        "is_verified": false,
        "line_number": 1
      },
      {
        "type": "Hex High Entropy String",
        "filename": "benchmarks/real_world_diff_bench/diffctx_realworld_bench.jsonl",
        "hashed_secret": "2fce6160a1adca669b5a47e719c6ddb5251e6fd4",
        "is_verified": false,
        "line_number": 2
      },
      {
        "type": "Hex High Entropy String",
        "filename": "benchmarks/real_world_diff_bench/diffctx_realworld_bench.jsonl",
        "hashed_secret": "a5a6304dfc827bb109bc3a3dd2b563002bfed272",
        "is_verified": false,
        "line_number": 3
      },
      {
        "type": "Hex High Entropy String",
        "filename": "benchmarks/real_world_diff_bench/diffctx_realworld_bench.jsonl",
        "hashed_secret": "0fdb43d45fdd72b99768cf78795e6073215c3be1",
        "is_verified": false,
        "line_number": 4
      },
      {
        "type": "Hex High Entropy String",
        "filename": "benchmarks/real_world_diff_bench/diffctx_realworld_bench.jsonl",
        "hashed_secret": "5099d9e353d7dd8b7fb58f7722b0e6eaa51ddbb0",
        "is_verified": false,
        "line_number": 5
      },
      {
        "type": "Hex High Entropy String",
        "filename": "benchmarks/real_world_diff_bench/diffctx_realworld_bench.jsonl",
        "hashed_secret": "b443ca18a03aca4a8134b770b0f4402c0ee5b6ac",
        "is_verified": false,
        "line_number": 6
      },
      {
        "type": "Hex High Entropy String",
        "filename": "benchmarks/real_world_diff_bench/diffctx_realworld_bench.jsonl",
        "hashed_secret": "712f6f017ea81566e43802716035d17ebd9a0235",
        "is_verified": false,
        "line_number": 7
      },
      {
        "type": "Hex High Entropy String",
        "filename": "benchmarks/real_world_diff_bench/diffctx_realworld_bench.jsonl",
        "hashed_secret": "1c0f3301dc8b00b3b5e03cfd7ccf480210bec607",
        "is_verified": false,
        "line_number": 8
      },
      {
        "type": "Hex High Entropy String",
        "filename": "benchmarks/real_world_diff_bench/diffctx_realworld_bench.jsonl",
        "hashed_secret": "02efbe8de572243a2c83e60d7a18c4847d07ef6c",
        "is_verified": false,
        "line_number": 9
      },
      {
        "type": "Hex High Entropy String",
        "filename": "benchmarks/real_world_diff_bench/diffctx_realworld_bench.jsonl",
        "hashed_secret": "d5bfd3589c764bf424dcccef4fce9cbfad4e863d",
        "is_verified": false,
        "line_number": 10
      },
      {
        "type": "Hex High Entropy String",
        "filename": "benchmarks/real_world_diff_bench/diffctx_realworld_bench.jsonl",
        "hashed_secret": "836c78de970d81c8fe49f1b22bc58af1f242493b",
        "is_verified": false,
        "line_number": 11
      },
      {
        "type": "Hex High Entropy String",
        "filename": "benchmarks/real_world_diff_bench/diffctx_realworld_bench.jsonl",
        "hashed_secret": "5c1eb948982bdfde2e83c9fb2afac2d5a6d66603",
        "is_verified": false,
        "line_number": 12
      },
      {
        "type": "Hex High Entropy String",
        "filename": "benchmarks/real_world_diff_bench/diffctx_realworld_bench.jsonl",
        "hashed_secret": "00a2fc3fe5048c310f9675d543bdf96c601fa84b",
        "is_verified": false,
        "line_number": 13
      },
      {
        "type": "Hex High Entropy String",
        "filename": "benchmarks/real_world_diff_bench/diffctx_realworld_bench.jsonl",
        "hashed_secret": "164a3fcbed7a558f43a1fc3c778209c6e5f103b2",
        "is_verified": false,
        "line_number": 14
      },
      {
        "type": "Hex High Entropy String",
        "filename": "benchmarks/real_world_diff_bench/diffctx_realworld_bench.jsonl",
        "hashed_secret": "e033308e6f2d88de9be61b36ce44b38b7b1e07f0",
        "is_verified": false,
        "line_number": 15
      },
      {
        "type": "Hex High Entropy String",
        "filename": "benchmarks/real_world_diff_bench/diffctx_realworld_bench.jsonl",
        "hashed_secret": "24305f4658fca6f5310ee6673dcb4694e3bbd8b0",
        "is_verified": false,
        "line_number": 16
      },
      {
        "type": "Hex High Entropy String",
        "filename": "benchmarks/real_world_diff_bench/diffctx_realworld_bench.jsonl",
        "hashed_secret": "a47c53fde8935669a12dfd05e77d0ceafda35b4d",
        "is_verified": false,
        "line_number": 17
      },
      {
        "type": "Hex High Entropy String",
        "filename": "benchmarks/real_world_diff_bench/diffctx_realworld_bench.jsonl",
        "hashed_secret": "5f5c720536fc2de3dd4c2e501eb026ed99d713ca",
        "is_verified": false,
        "line_number": 18
      },
      {
        "type": "Hex High Entropy String",
        "filename": "benchmarks/real_world_diff_bench/diffctx_realworld_bench.jsonl",
        "hashed_secret": "3479b15f79d0b8f664b69834e7912cfc7c1b1119",
        "is_verified": false,
        "line_number": 19
      },
      {
        "type": "Hex High Entropy String",
        "filename": "benchmarks/real_world_diff_bench/diffctx_realworld_bench.jsonl",
        "hashed_secret": "0f2facc48f84e6edd83359bfab591d96ba25e394",
        "is_verified": false,
        "line_number": 20
      },
      {
        "type": "Hex High Entropy String",
        "filename": "benchmarks/real_world_diff_bench/diffctx_realworld_bench.jsonl",
        "hashed_secret": "2982b85fa8fe8e1ea16db10ceee7c086c409ca7c",
        "is_verified": false,
        "line_number": 21
      },
      {
        "type": "Hex High Entropy String",
        "filename": "benchmarks/real_world_diff_bench/diffctx_realworld_bench.jsonl",
        "hashed_secret": "e6d127c0e9962a6bdfaa06579a5055672f053708",
        "is_verified": false,
        "line_number": 22
      },
      {
        "type": "Hex High Entropy String",
        "filename": "benchmarks/real_world_diff_bench/diffctx_realworld_bench.jsonl",
        "hashed_secret": "727f12673689dee3b01ac0ee72ff0fe109c366de",
        "is_verified": false,
        "line_number": 23
      },
      {
        "type": "Hex High Entropy String",
        "filename": "benchmarks/real_world_diff_bench/diffctx_realworld_bench.jsonl",
        "hashed_secret": "3d1cf2512072c7690b1e3bd23a18a30706e5d921",
        "is_verified": false,
        "line_number": 24
      },
      {
        "type": "Hex High Entropy String",
        "filename": "benchmarks/real_world_diff_bench/diffctx_realworld_bench.jsonl",
        "hashed_secret": "c83e3ddbebd140f33c46bb0ff9804b513f2f3277",
        "is_verified": false,
        "line_number": 25
      },
      {
        "type": "Hex High Entropy String",
        "filename": "benchmarks/real_world_diff_bench/diffctx_realworld_bench.jsonl",
        "hashed_secret": "bff81e6dfc6c364c9b214e8b512669e5159d0e65",
        "is_verified": false,
        "line_number": 26
      },
      {
        "type": "Hex High Entropy String",
        "filename": "benchmarks/real_world_diff_bench/diffctx_realworld_bench.jsonl",
        "hashed_secret": "46ba162abe94bddf6fb6487076112ccb11462031",
        "is_verified": false,
        "line_number": 27
      },
      {
        "type": "Hex High Entropy String",
        "filename": "benchmarks/real_world_diff_bench/diffctx_realworld_bench.jsonl",
        "hashed_secret": "718f0b1ba14d5d26b8ec0c18ed234cbae383c8ea",
        "is_verified": false,
        "line_number": 28
      },
      {
        "type": "Hex High Entropy String",
        "filename": "benchmarks/real_world_diff_bench/diffctx_realworld_bench.jsonl",
        "hashed_secret": "e3c276a8533c0cb2620a568cc9f6312aea52aafd",
        "is_verified": false,
        "line_number": 29
      },
      {
        "type": "Hex High Entropy String",
        "filename": "benchmarks/real_world_diff_bench/diffctx_realworld_bench.jsonl",
        "hashed_secret": "a4213e7cd0e94eb4070953e0f389e52423cb2596",
        "is_verified": false,
        "line_number": 30
      },
      {
        "type": "Hex High Entropy String",
        "filename": "benchmarks/real_world_diff_bench/diffctx_realworld_bench.jsonl",
        "hashed_secret": "ea4cf47d8fa5e4ee23b83c000c2db1a7ec96c06a",
        "is_verified": false,
        "line_number": 31
      },
      {
        "type": "Hex High Entropy String",
        "filename": "benchmarks/real_world_diff_bench/diffctx_realworld_bench.jsonl",
        "hashed_secret": "28bdf249771892b31bee316f1133be0a77cb4027",
        "is_verified": false,
        "line_number": 32
      },
      {
        "type": "Hex High Entropy String",
        "filename": "benchmarks/real_world_diff_bench/diffctx_realworld_bench.jsonl",
        "hashed_secret": "617f98f03e09044be92e8b67d7c582296cfb4ddf",
        "is_verified": false,
        "line_number": 33
      },
      {
        "type": "Hex High Entropy String",
        "filename": "benchmarks/real_world_diff_bench/diffctx_realworld_bench.jsonl",
        "hashed_secret": "339bae742177c3837968a3bce063167a476c18eb",
        "is_verified": false,
        "line_number": 34
      },
      {
        "type": "Hex High Entropy String",
        "filename": "benchmarks/real_world_diff_bench/diffctx_realworld_bench.jsonl",
        "hashed_secret": "0bbe68562e373328d26be41711498c1355b13f87",
        "is_verified": false,
        "line_number": 35
      },
      {
        "type": "Hex High Entropy String",
        "filename": "benchmarks/real_world_diff_bench/diffctx_realworld_bench.jsonl",
        "hashed_secret": "d91266b795f7f55675ac15f19d778d6d83536ed2",
        "is_verified": false,
        "line_number": 36
      },
      {
        "type": "Hex High Entropy String",
        "filename": "benchmarks/real_world_diff_bench/diffctx_realworld_bench.jsonl",
        "hashed_secret": "0a301404f09fde82123559defc7ff0f78a742283",
        "is_verified": false,
        "line_number": 37
      },
      {
        "type": "Hex High Entropy String",
        "filename": "benchmarks/real_world_diff_bench/diffctx_realworld_bench.jsonl",
        "hashed_secret": "9be1edb9ce55a177bc6f6d427c975d279bb17dcb",
        "is_verified": false,
        "line_number": 38
      },
      {
        "type": "Hex High Entropy String",
        "filename": "benchmarks/real_world_diff_bench/diffctx_realworld_bench.jsonl",
        "hashed_secret": "56d4450ddc70fd5cf2abc754e695f5adbd340d2d",
        "is_verified": false,
        "line_number": 39
      },
      {
        "type": "Hex High Entropy String",
        "filename": "benchmarks/real_world_diff_bench/diffctx_realworld_bench.jsonl",
        "hashed_secret": "a1272fff077fe6df68e605a3090f2f350eaf381a",
        "is_verified": false,
        "line_number": 40
      },
      {
        "type": "Hex High Entropy String",
        "filename": "benchmarks/real_world_diff_bench/diffctx_realworld_bench.jsonl",
        "hashed_secret": "ae704f52c362346424b572317bfc58bd97c7d2e6",
        "is_verified": false,
        "line_number": 41
      },
      {
        "type": "Hex High Entropy String",
        "filename": "benchmarks/real_world_diff_bench/diffctx_realworld_bench.jsonl",
        "hashed_secret": "7c1a2749d53d645b460492a9f647db6c66056331",
        "is_verified": false,
        "line_number": 42
      },
      {
        "type": "Hex High Entropy String",
        "filename": "benchmarks/real_world_diff_bench/diffctx_realworld_bench.jsonl",
        "hashed_secret": "0a9c44450a4b222855f372ee983ecee3bfb5c13c",
        "is_verified": false,
        "line_number": 43
      },
      {
        "type": "Hex High Entropy String",
        "filename": "benchmarks/real_world_diff_bench/diffctx_realworld_bench.jsonl",
        "hashed_secret": "30b200ae40c7a1c28d22677b42ed0799864b9b6e",
        "is_verified": false,
        "line_number": 44
      },
      {
        "type": "Hex High Entropy String",
        "filename": "benchmarks/real_world_diff_bench/diffctx_realworld_bench.jsonl",
        "hashed_secret": "321ace8229de0d4098b6f930101bac4dc899db5d",
        "is_verified": false,
        "line_number": 45
      },
      {
        "type": "Hex High Entropy String",
        "filename": "benchmarks/real_world_diff_bench/diffctx_realworld_bench.jsonl",
        "hashed_secret": "9df4de8ddcfcd90b040c15bcdcab226edfef2ed5",
        "is_verified": false,
        "line_number": 46
      },
      {
        "type": "Hex High Entropy String",
        "filename": "benchmarks/real_world_diff_bench/diffctx_realworld_bench.jsonl",
        "hashed_secret": "4a04c842c0a170acfdff4de992642fb41fd88188",
        "is_verified": false,
        "line_number": 47
      },
      {
        "type": "Hex High Entropy String",
        "filename": "benchmarks/real_world_diff_bench/diffctx_realworld_bench.jsonl",
        "hashed_secret": "bf5cf5e72651049c0c53701f93bb383cbe005b9e",
        "is_verified": false,
        "line_number": 48
      },
      {
        "type": "Hex High Entropy String",
        "filename": "benchmarks/real_world_diff_bench/diffctx_realworld_bench.jsonl",
        "hashed_secret": "961a86976cae312ea1c5498ba7b67df3496fa13a",
        "is_verified": false,
        "line_number": 49
      },
      {
        "type": "Hex High Entropy String",
        "filename": "benchmarks/real_world_diff_bench/diffctx_realworld_bench.jsonl",
        "hashed_secret": "bb92c310a608316cf87e7b1d60ae709c4cf94da5",
        "is_verified": false,
        "line_number": 50
      },
      {
        "type": "Hex High Entropy String",
        "filename": "benchmarks/real_world_diff_bench/diffctx_realworld_bench.jsonl",
        "hashed_secret": "96c80133ed7f1aed2b922a2ec15230249ec2df04",
        "is_verified": false,
        "line_number": 51
      },
      {
        "type": "Hex High Entropy String",
        "filename": "benchmarks/real_world_diff_bench/diffctx_realworld_bench.jsonl",
        "hashed_secret": "2f6936868be04e5309c0865baf329cafd38f5ee6",
        "is_verified": false,
        "line_number": 52
      },
      {
        "type": "Hex High Entropy String",
        "filename": "benchmarks/real_world_diff_bench/diffctx_realworld_bench.jsonl",
        "hashed_secret": "3ee8b070b62138c7987da0d36984f958b8bd52f6",
        "is_verified": false,
        "line_number": 53
      },
      {
        "type": "Hex High Entropy String",
        "filename": "benchmarks/real_world_diff_bench/diffctx_realworld_bench.jsonl",
        "hashed_secret": "f88e570f281d46344e2fcc876986c04f9c9ba055",
        "is_verified": false,
        "line_number": 54
      },
      {
        "type": "Hex High Entropy String",
        "filename": "benchmarks/real_world_diff_bench/diffctx_realworld_bench.jsonl",
        "hashed_secret": "ca755d0de765e9a3961c7205c5a7b5e778b578fa",
        "is_verified": false,
        "line_number": 55
      },
      {
        "type": "Hex High Entropy String",
        "filename": "benchmarks/real_world_diff_bench/diffctx_realworld_bench.jsonl",
        "hashed_secret": "58efd84734ab34ad2d0184e74b3d9e88590878ed",
        "is_verified": false,
        "line_number": 56
      },
      {
        "type": "Hex High Entropy String",
        "filename": "benchmarks/real_world_diff_bench/diffctx_realworld_bench.jsonl",
        "hashed_secret": "071b8f0f21023a40b6c74b2515b70c63371dc899",
        "is_verified": false,
        "line_number": 57
      },
      {
        "type": "Hex High Entropy String",
        "filename": "benchmarks/real_world_diff_bench/diffctx_realworld_bench.jsonl",
        "hashed_secret": "9a258ee9b7853a32d9fa9a3e6b944e111c715792",
        "is_verified": false,
        "line_number": 58
      },
      {
        "type": "Hex High Entropy String",
        "filename": "benchmarks/real_world_diff_bench/diffctx_realworld_bench.jsonl",
        "hashed_secret": "14350ae4543f9ad688fb4b6ee0b73d87a6118764",
        "is_verified": false,
        "line_number": 59
      },
      {
        "type": "Hex High Entropy String",
        "filename": "benchmarks/real_world_diff_bench/diffctx_realworld_bench.jsonl",
        "hashed_secret": "f35818f64ebc04d6fa0ec8d708eeec357a5654fa",
        "is_verified": false,
        "line_number": 60
      },
      {
        "type": "Hex High Entropy String",
        "filename": "benchmarks/real_world_diff_bench/diffctx_realworld_bench.jsonl",
        "hashed_secret": "46f55d6b67999153a92152642a1e181ca3eb46ef",
        "is_verified": false,
        "line_number": 61
      },
      {
        "type": "Hex High Entropy String",
        "filename": "benchmarks/real_world_diff_bench/diffctx_realworld_bench.jsonl",
        "hashed_secret": "009186a6ab5fcc2494cd0f97b6c199606438e566",
        "is_verified": false,
        "line_number": 62
      },
      {
        "type": "Hex High Entropy String",
        "filename": "benchmarks/real_world_diff_bench/diffctx_realworld_bench.jsonl",
        "hashed_secret": "274702fec9fa1d5c8f7342e36a041c1f8e1c79ac",
        "is_verified": false,
        "line_number": 63
      },
      {
        "type": "Hex High Entropy String",
        "filename": "benchmarks/real_world_diff_bench/diffctx_realworld_bench.jsonl",
        "hashed_secret": "efd42c66204b55507613c12d3c50b87d4f89fa93",
        "is_verified": false,
        "line_number": 64
      },
      {
        "type": "Hex High Entropy String",
        "filename": "benchmarks/real_world_diff_bench/diffctx_realworld_bench.jsonl",
        "hashed_secret": "073db35bcf9d782bc45736413bf7b0d10e0e468f",
        "is_verified": false,
        "line_number": 65
      },
      {
        "type": "Hex High Entropy String",
        "filename": "benchmarks/real_world_diff_bench/diffctx_realworld_bench.jsonl",
        "hashed_secret": "097f965e42883008b5c2c88989b3700b08828cfa",
        "is_verified": false,
        "line_number": 66
      },
      {
        "type": "Hex High Entropy String",
        "filename": "benchmarks/real_world_diff_bench/diffctx_realworld_bench.jsonl",
        "hashed_secret": "7b08e53286cf3f6278b02a2e5dc0530e1c5e3c7e",
        "is_verified": false,
        "line_number": 67
      },
      {
        "type": "Hex High Entropy String",
        "filename": "benchmarks/real_world_diff_bench/diffctx_realworld_bench.jsonl",
        "hashed_secret": "f5b6d402e1457d744978fdc56f18db20ebf26890",
        "is_verified": false,
        "line_number": 68
      },
      {
        "type": "Hex High Entropy String",
        "filename": "benchmarks/real_world_diff_bench/diffctx_realworld_bench.jsonl",
        "hashed_secret": "6e1620dcb6a26084dfe8cb2ffefa175cf1f2661f",
        "is_verified": false,
        "line_number": 69
      },
      {
        "type": "Hex High Entropy String",
        "filename": "benchmarks/real_world_diff_bench/diffctx_realworld_bench.jsonl",
        "hashed_secret": "22659827e4c85507e78e6828c8e51be8bd00c476",
        "is_verified": false,
        "line_number": 70
      },
      {
        "type": "Hex High Entropy String",
        "filename": "benchmarks/real_world_diff_bench/diffctx_realworld_bench.jsonl",
        "hashed_secret": "5fbdcf27fae83800155cd76e0136c04335ad5c55",
        "is_verified": false,
        "line_number": 71
      },
      {
        "type": "Hex High Entropy String",
        "filename": "benchmarks/real_world_diff_bench/diffctx_realworld_bench.jsonl",
        "hashed_secret": "7e1b383cf8d1d603302b3aef956344599a077df8",
        "is_verified": false,
        "line_number": 72
      },
      {
        "type": "Hex High Entropy String",
        "filename": "benchmarks/real_world_diff_bench/diffctx_realworld_bench.jsonl",
        "hashed_secret": "7ce34ef2601f33f75f8052d600d87f26934117a0",
        "is_verified": false,
        "line_number": 73
      },
      {
        "type": "Hex High Entropy String",
        "filename": "benchmarks/real_world_diff_bench/diffctx_realworld_bench.jsonl",
        "hashed_secret": "91579cf23246d85026e2420d9d0c7896b6a4efae",
        "is_verified": false,
        "line_number": 74
      },
      {
        "type": "Hex High Entropy String",
        "filename": "benchmarks/real_world_diff_bench/diffctx_realworld_bench.jsonl",
        "hashed_secret": "3a034866ac11e27ad492ca1937bcfacf046ede36",
        "is_verified": false,
        "line_number": 75
      },
      {
        "type": "Hex High Entropy String",
        "filename": "benchmarks/real_world_diff_bench/diffctx_realworld_bench.jsonl",
        "hashed_secret": "18b48af93e1c37191ad73ee99191823c9198b103",
        "is_verified": false,
        "line_number": 76
      },
      {
        "type": "Hex High Entropy String",
        "filename": "benchmarks/real_world_diff_bench/diffctx_realworld_bench.jsonl",
        "hashed_secret": "731fdc759b0e8bbf1350f58c446c777b736d1511",
        "is_verified": false,
        "line_number": 77
      },
      {
        "type": "Hex High Entropy String",
        "filename": "benchmarks/real_world_diff_bench/diffctx_realworld_bench.jsonl",
        "hashed_secret": "42b117a044d3cb614b7f740d3799f74ab354085a",
        "is_verified": false,
        "line_number": 78
      },
      {
        "type": "Hex High Entropy String",
        "filename": "benchmarks/real_world_diff_bench/diffctx_realworld_bench.jsonl",
        "hashed_secret": "4529ceb1e0763c1dc58e77699b72fa9aa8bc0f45",
        "is_verified": false,
        "line_number": 79
      },
      {
        "type": "Hex High Entropy String",
        "filename": "benchmarks/real_world_diff_bench/diffctx_realworld_bench.jsonl",
        "hashed_secret": "199c753cde292620a03ce4045a85a364616ae1d6",
        "is_verified": false,
        "line_number": 80
      },
      {
        "type": "Hex High Entropy String",
        "filename": "benchmarks/real_world_diff_bench/diffctx_realworld_bench.jsonl",
        "hashed_secret": "1589dbfbce48bb34cdba8de5e2f2f8671463291c",
        "is_verified": false,
        "line_number": 81
      },
      {
        "type": "Hex High Entropy String",
        "filename": "benchmarks/real_world_diff_bench/diffctx_realworld_bench.jsonl",
        "hashed_secret": "017661e64e908296c7c09c04b79ea0b70f57925f",
        "is_verified": false,
        "line_number": 82
      },
      {
        "type": "Hex High Entropy String",
        "filename": "benchmarks/real_world_diff_bench/diffctx_realworld_bench.jsonl",
        "hashed_secret": "87bec2664d587ab7dbd3dc28582c53561cc0455e",
        "is_verified": false,
        "line_number": 83
      },
      {
        "type": "Hex High Entropy String",
        "filename": "benchmarks/real_world_diff_bench/diffctx_realworld_bench.jsonl",
        "hashed_secret": "9f79239091fc6820720b243523db3d91c8abc2ae",
        "is_verified": false,
        "line_number": 84
      },
      {
        "type": "Hex High Entropy String",
        "filename": "benchmarks/real_world_diff_bench/diffctx_realworld_bench.jsonl",
        "hashed_secret": "c580dcb1a33eb5ff9250c4a213496e02e67d1ffd",
        "is_verified": false,
        "line_number": 85
      },
      {
        "type": "Hex High Entropy String",
        "filename": "benchmarks/real_world_diff_bench/diffctx_realworld_bench.jsonl",
        "hashed_secret": "d5b261a3d5527bc6dbf0fd997aa100354e32ebdc",
        "is_verified": false,
        "line_number": 86
      },
      {
        "type": "Hex High Entropy String",
        "filename": "benchmarks/real_world_diff_bench/diffctx_realworld_bench.jsonl",
        "hashed_secret": "d84d84b8d74315977851aa03fb55da0bc4b1c656",
        "is_verified": false,
        "line_number": 87
      },
      {
        "type": "Hex High Entropy String",
        "filename": "benchmarks/real_world_diff_bench/diffctx_realworld_bench.jsonl",
        "hashed_secret": "d87c12abc62fdc9455eefe0ac8f5df33618b7d04",
        "is_verified": false,
        "line_number": 88
      },
      {
        "type": "Hex High Entropy String",
        "filename": "benchmarks/real_world_diff_bench/diffctx_realworld_bench.jsonl",
        "hashed_secret": "e16d804a03f11c5b51cd80ce4dfdd8c2bbaf94cc",
        "is_verified": false,
        "line_number": 89
      },
      {
        "type": "Hex High Entropy String",
        "filename": "benchmarks/real_world_diff_bench/diffctx_realworld_bench.jsonl",
        "hashed_secret": "ce777e662fe387aa51a1f8814149260343c60fc0",
        "is_verified": false,
        "line_number": 90
      },
      {
        "type": "Hex High Entropy String",
        "filename": "benchmarks/real_world_diff_bench/diffctx_realworld_bench.jsonl",
        "hashed_secret": "6ad1191328c8cbc110464405b4b39be909b2be88",
        "is_verified": false,
        "line_number": 91
      },
      {
        "type": "Hex High Entropy String",
        "filename": "benchmarks/real_world_diff_bench/diffctx_realworld_bench.jsonl",
        "hashed_secret": "dc5c96f8ec7830094e09a73ce5c8912dcae31468",
        "is_verified": false,
        "line_number": 92
      },
      {
        "type": "Hex High Entropy String",
        "filename": "benchmarks/real_world_diff_bench/diffctx_realworld_bench.jsonl",
        "hashed_secret": "90c36082349b30845ced95d0cb482c5e8c04bde4",
        "is_verified": false,
        "line_number": 93
      },
      {
        "type": "Hex High Entropy String",
        "filename": "benchmarks/real_world_diff_bench/diffctx_realworld_bench.jsonl",
        "hashed_secret": "dcfc9986a9114f925c0cf9bb89fa79cd31a7c693",
        "is_verified": false,
        "line_number": 94
      },
      {
        "type": "Hex High Entropy String",
        "filename": "benchmarks/real_world_diff_bench/diffctx_realworld_bench.jsonl",
        "hashed_secret": "8e78c6df84c3f49a1c1122616219930acc65f6b9",
        "is_verified": false,
        "line_number": 95
      },
      {
        "type": "Hex High Entropy String",
        "filename": "benchmarks/real_world_diff_bench/diffctx_realworld_bench.jsonl",
        "hashed_secret": "a067ce3995822feb14dd11b7f4d56fe852737c26",
        "is_verified": false,
        "line_number": 96
      },
      {
        "type": "Hex High Entropy String",
        "filename": "benchmarks/real_world_diff_bench/diffctx_realworld_bench.jsonl",
        "hashed_secret": "e9b2e69e7205acf1a95fcdee7908ccd3599d8cf8",
        "is_verified": false,
        "line_number": 97
      },
      {
        "type": "Hex High Entropy String",
        "filename": "benchmarks/real_world_diff_bench/diffctx_realworld_bench.jsonl",
        "hashed_secret": "25e942b44a47a8d784af8b25b31340ae621705da",
        "is_verified": false,
        "line_number": 98
      },
      {
        "type": "Hex High Entropy String",
        "filename": "benchmarks/real_world_diff_bench/diffctx_realworld_bench.jsonl",
        "hashed_secret": "b9830c66dc38055ff5d351f41f12247ad866594d",
        "is_verified": false,
        "line_number": 99
      },
      {
        "type": "Hex High Entropy String",
        "filename": "benchmarks/real_world_diff_bench/diffctx_realworld_bench.jsonl",
        "hashed_secret": "ab00b0c934611485e8e3874a53809be9b4e975d3",
        "is_verified": false,
        "line_number": 100
      },
      {
        "type": "Hex High Entropy String",
        "filename": "benchmarks/real_world_diff_bench/diffctx_realworld_bench.jsonl",
        "hashed_secret": "c41d96d63a5657337751753df39e8bd3d532504a",
        "is_verified": false,
        "line_number": 101
      },
      {
        "type": "Hex High Entropy String",
        "filename": "benchmarks/real_world_diff_bench/diffctx_realworld_bench.jsonl",
        "hashed_secret": "1fdfdf16a0f1ef344363f9cc1f647babe90b114c",
        "is_verified": false,
        "line_number": 102
      },
      {
        "type": "Hex High Entropy String",
        "filename": "benchmarks/real_world_diff_bench/diffctx_realworld_bench.jsonl",
        "hashed_secret": "dfa080667b6a88539c66f5bdc15ef151f884d356",
        "is_verified": false,
        "line_number": 103
      },
      {
        "type": "Hex High Entropy String",
        "filename": "benchmarks/real_world_diff_bench/diffctx_realworld_bench.jsonl",
        "hashed_secret": "c5f01e4b87a74c7b7adefd81f63617ce7f25dd3c",
        "is_verified": false,
        "line_number": 104
      },
      {
        "type": "Hex High Entropy String",
        "filename": "benchmarks/real_world_diff_bench/diffctx_realworld_bench.jsonl",
        "hashed_secret": "7598bc42de33dcdfd2e1d614870bc51bfda0f7e6",
        "is_verified": false,
        "line_number": 105
      },
      {
        "type": "Hex High Entropy String",
        "filename": "benchmarks/real_world_diff_bench/diffctx_realworld_bench.jsonl",
        "hashed_secret": "8c663399d5febe1fcdc1714935694fa0945df852",
        "is_verified": false,
        "line_number": 106
      },
      {
        "type": "Hex High Entropy String",
        "filename": "benchmarks/real_world_diff_bench/diffctx_realworld_bench.jsonl",
        "hashed_secret": "d33939a7d5c1589dc53e889f72ee73e01e5f35c6",
        "is_verified": false,
        "line_number": 107
      },
      {
        "type": "Hex High Entropy String",
        "filename": "benchmarks/real_world_diff_bench/diffctx_realworld_bench.jsonl",
        "hashed_secret": "e780103fbd3e4f44bd6e69299f7be31bd1f7f9dc",
        "is_verified": false,
        "line_number": 108
      },
      {
        "type": "Hex High Entropy String",
        "filename": "benchmarks/real_world_diff_bench/diffctx_realworld_bench.jsonl",
        "hashed_secret": "7b0751f74112cc488eafdbce5af36da0f47fd515",
        "is_verified": false,
        "line_number": 109
      }
    ]
  },
  "generated_at": "2026-07-07T09:48:09Z"
}
